✅ Server berjalan di http://localhost:8050
🔐 Login: admin@codepedia.com / admin123
📚 Tutorial: http://localhost:8050/tutorials.html
👑 Admin: http://localhost:8050/admin.html
[session-file-store] will retry, error on last attempt: Error: ENOENT: no such file or directory, open 'sessions/A8jdAu3-8TCYdft2xAw9uMnhCgre3aD1.json'
[session-file-store] will retry, error on last attempt: Error: ENOENT: no such file or directory, open 'sessions/A8jdAu3-8TCYdft2xAw9uMnhCgre3aD1.json'
[session-file-store] will retry, error on last attempt: Error: ENOENT: no such file or directory, open 'sessions/A8jdAu3-8TCYdft2xAw9uMnhCgre3aD1.json'
[session-file-store] will retry, error on last attempt: Error: ENOENT: no such file or directory, open 'sessions/A8jdAu3-8TCYdft2xAw9uMnhCgre3aD1.json'
[session-file-store] will retry, error on last attempt: Error: ENOENT: no such file or directory, open 'sessions/A8jdAu3-8TCYdft2xAw9uMnhCgre3aD1.json'
[session-file-store] will retry, error on last attempt: Error: ENOENT: no such file or directory, open 'sessions/A8jdAu3-8TCYdft2xAw9uMnhCgre3aD1.json'
[session-file-store] will retry, error on last attempt: Error: ENOENT: no such file or directory, open 'sessions/A8jdAu3-8TCYdft2xAw9uMnhCgre3aD1.json'
[session-file-store] will retry, error on last attempt: Error: ENOENT: no such file or directory, open 'sessions/A8jdAu3-8TCYdft2xAw9uMnhCgre3aD1.json'
[session-file-store] will retry, error on last attempt: Error: ENOENT: no such file or directory, open 'sessions/A8jdAu3-8TCYdft2xAw9uMnhCgre3aD1.json'
[session-file-store] will retry, error on last attempt: Error: ENOENT: no such file or directory, open 'sessions/A8jdAu3-8TCYdft2xAw9uMnhCgre3aD1.json'
[session-file-store] will retry, error on last attempt: Error: ENOENT: no such file or directory, open 'sessions/A8jdAu3-8TCYdft2xAw9uMnhCgre3aD1.json'
[session-file-store] will retry, error on last attempt: Error: ENOENT: no such file or directory, open 'sessions/A8jdAu3-8TCYdft2xAw9uMnhCgre3aD1.json'
[session-file-store] will retry, error on last attempt: Error: ENOENT: no such file or directory, open 'sessions/A8jdAu3-8TCYdft2xAw9uMnhCgre3aD1.json'
[session-file-store] will retry, error on last attempt: Error: ENOENT: no such file or directory, open 'sessions/A8jdAu3-8TCYdft2xAw9uMnhCgre3aD1.json'
[session-file-store] will retry, error on last attempt: Error: ENOENT: no such file or directory, open 'sessions/A8jdAu3-8TCYdft2xAw9uMnhCgre3aD1.json'
[session-file-store] will retry, error on last attempt: Error: ENOENT: no such file or directory, open 'sessions/A8jdAu3-8TCYdft2xAw9uMnhCgre3aD1.json'
[session-file-store] will retry, error on last attempt: Error: ENOENT: no such file or directory, open 'sessions/A8jdAu3-8TCYdft2xAw9uMnhCgre3aD1.json'
[session-file-store] will retry, error on last attempt: Error: ENOENT: no such file or directory, open 'sessions/A8jdAu3-8TCYdft2xAw9uMnhCgre3aD1.json'
[session-file-store] will retry, error on last attempt: Error: ENOENT: no such file or directory, open 'sessions/A8jdAu3-8TCYdft2xAw9uMnhCgre3aD1.json'
[session-file-store] will retry, error on last attempt: Error: ENOENT: no such file or directory, open 'sessions/A8jdAu3-8TCYdft2xAw9uMnhCgre3aD1.json'
[session-file-store] will retry, error on last attempt: Error: ENOENT: no such file or directory, open 'sessions/A8jdAu3-8TCYdft2xAw9uMnhCgre3aD1.json'
[session-file-store] will retry, error on last attempt: Error: ENOENT: no such file or directory, open 'sessions/A8jdAu3-8TCYdft2xAw9uMnhCgre3aD1.json'
[session-file-store] will retry, error on last attempt: Error: ENOENT: no such file or directory, open 'sessions/A8jdAu3-8TCYdft2xAw9uMnhCgre3aD1.json'
[session-file-store] will retry, error on last attempt: Error: ENOENT: no such file or directory, open 'sessions/A8jdAu3-8TCYdft2xAw9uMnhCgre3aD1.json'
[session-file-store] will retry, error on last attempt: Error: ENOENT: no such file or directory, open 'sessions/A8jdAu3-8TCYdft2xAw9uMnhCgre3aD1.json'
[session-file-store] will retry, error on last attempt: Error: ENOENT: no such file or directory, open 'sessions/A8jdAu3-8TCYdft2xAw9uMnhCgre3aD1.json'
[session-file-store] will retry, error on last attempt: Error: ENOENT: no such file or directory, open 'sessions/A8jdAu3-8TCYdft2xAw9uMnhCgre3aD1.json'
[session-file-store] will retry, error on last attempt: Error: ENOENT: no such file or directory, open 'sessions/A8jdAu3-8TCYdft2xAw9uMnhCgre3aD1.json'
[session-file-store] will retry, error on last attempt: Error: ENOENT: no such file or directory, open 'sessions/A8jdAu3-8TCYdft2xAw9uMnhCgre3aD1.json'
[session-file-store] will retry, error on last attempt: Error: ENOENT: no such file or directory, open 'sessions/A8jdAu3-8TCYdft2xAw9uMnhCgre3aD1.json'
[session-file-store] will retry, error on last attempt: Error: ENOENT: no such file or directory, open 'sessions/A8jdAu3-8TCYdft2xAw9uMnhCgre3aD1.json'
[session-file-store] will retry, error on last attempt: Error: ENOENT: no such file or directory, open 'sessions/A8jdAu3-8TCYdft2xAw9uMnhCgre3aD1.json'
[session-file-store] will retry, error on last attempt: Error: ENOENT: no such file or directory, open 'sessions/A8jdAu3-8TCYdft2xAw9uMnhCgre3aD1.json'
[session-file-store] will retry, error on last attempt: Error: ENOENT: no such file or directory, open 'sessions/A8jdAu3-8TCYdft2xAw9uMnhCgre3aD1.json'
[session-file-store] will retry, error on last attempt: Error: ENOENT: no such file or directory, open 'sessions/A8jdAu3-8TCYdft2xAw9uMnhCgre3aD1.json'
[session-file-store] will retry, error on last attempt: Error: ENOENT: no such file or directory, open 'sessions/A8jdAu3-8TCYdft2xAw9uMnhCgre3aD1.json'
[session-file-store] will retry, error on last attempt: Error: ENOENT: no such file or directory, open 'sessions/A8jdAu3-8TCYdft2xAw9uMnhCgre3aD1.json'
[session-file-store] will retry, error on last attempt: Error: ENOENT: no such file or directory, open 'sessions/A8jdAu3-8TCYdft2xAw9uMnhCgre3aD1.json'
[session-file-store] will retry, error on last attempt: Error: ENOENT: no such file or directory, open 'sessions/A8jdAu3-8TCYdft2xAw9uMnhCgre3aD1.json'
[session-file-store] will retry, error on last attempt: Error: ENOENT: no such file or directory, open 'sessions/A8jdAu3-8TCYdft2xAw9uMnhCgre3aD1.json'
[session-file-store] will retry, error on last attempt: Error: ENOENT: no such file or directory, open 'sessions/A8jdAu3-8TCYdft2xAw9uMnhCgre3aD1.json'
[session-file-store] will retry, error on last attempt: Error: ENOENT: no such file or directory, open 'sessions/A8jdAu3-8TCYdft2xAw9uMnhCgre3aD1.json'
[session-file-store] will retry, error on last attempt: Error: ENOENT: no such file or directory, open 'sessions/A8jdAu3-8TCYdft2xAw9uMnhCgre3aD1.json'
[session-file-store] will retry, error on last attempt: Error: ENOENT: no such file or directory, open 'sessions/A8jdAu3-8TCYdft2xAw9uMnhCgre3aD1.json'
[session-file-store] will retry, error on last attempt: Error: ENOENT: no such file or directory, open 'sessions/A8jdAu3-8TCYdft2xAw9uMnhCgre3aD1.json'
[session-file-store] will retry, error on last attempt: Error: ENOENT: no such file or directory, open 'sessions/uD-RHhUVXnbhDvgFzGlrGaV6VtSoYhUh.json'
[session-file-store] will retry, error on last attempt: Error: ENOENT: no such file or directory, open 'sessions/uD-RHhUVXnbhDvgFzGlrGaV6VtSoYhUh.json'
[session-file-store] will retry, error on last attempt: Error: ENOENT: no such file or directory, open 'sessions/uD-RHhUVXnbhDvgFzGlrGaV6VtSoYhUh.json'
[session-file-store] will retry, error on last attempt: Error: ENOENT: no such file or directory, open 'sessions/uD-RHhUVXnbhDvgFzGlrGaV6VtSoYhUh.json'
[session-file-store] will retry, error on last attempt: Error: ENOENT: no such file or directory, open 'sessions/uD-RHhUVXnbhDvgFzGlrGaV6VtSoYhUh.json'
[session-file-store] will retry, error on last attempt: Error: ENOENT: no such file or directory, open 'sessions/uD-RHhUVXnbhDvgFzGlrGaV6VtSoYhUh.json'
[session-file-store] will retry, error on last attempt: Error: ENOENT: no such file or directory, open 'sessions/uD-RHhUVXnbhDvgFzGlrGaV6VtSoYhUh.json'
[session-file-store] will retry, error on last attempt: Error: ENOENT: no such file or directory, open 'sessions/A8jdAu3-8TCYdft2xAw9uMnhCgre3aD1.json'
[session-file-store] will retry, error on last attempt: Error: ENOENT: no such file or directory, open 'sessions/uD-RHhUVXnbhDvgFzGlrGaV6VtSoYhUh.json'
[session-file-store] will retry, error on last attempt: Error: ENOENT: no such file or directory, open 'sessions/A8jdAu3-8TCYdft2xAw9uMnhCgre3aD1.json'
[session-file-store] will retry, error on last attempt: Error: ENOENT: no such file or directory, open 'sessions/uD-RHhUVXnbhDvgFzGlrGaV6VtSoYhUh.json'
[session-file-store] will retry, error on last attempt: Error: ENOENT: no such file or directory, open 'sessions/A8jdAu3-8TCYdft2xAw9uMnhCgre3aD1.json'
[session-file-store] will retry, error on last attempt: Error: ENOENT: no such file or directory, open 'sessions/uD-RHhUVXnbhDvgFzGlrGaV6VtSoYhUh.json'
[session-file-store] will retry, error on last attempt: Error: ENOENT: no such file or directory, open 'sessions/A8jdAu3-8TCYdft2xAw9uMnhCgre3aD1.json'
[session-file-store] will retry, error on last attempt: Error: ENOENT: no such file or directory, open 'sessions/A8jdAu3-8TCYdft2xAw9uMnhCgre3aD1.json'
[session-file-store] will retry, error on last attempt: Error: ENOENT: no such file or directory, open 'sessions/uD-RHhUVXnbhDvgFzGlrGaV6VtSoYhUh.json'
[session-file-store] will retry, error on last attempt: Error: ENOENT: no such file or directory, open 'sessions/uD-RHhUVXnbhDvgFzGlrGaV6VtSoYhUh.json'
[session-file-store] will retry, error on last attempt: Error: ENOENT: no such file or directory, open 'sessions/uD-RHhUVXnbhDvgFzGlrGaV6VtSoYhUh.json'
[session-file-store] will retry, error on last attempt: Error: ENOENT: no such file or directory, open 'sessions/uD-RHhUVXnbhDvgFzGlrGaV6VtSoYhUh.json'
[session-file-store] will retry, error on last attempt: Error: ENOENT: no such file or directory, open 'sessions/uD-RHhUVXnbhDvgFzGlrGaV6VtSoYhUh.json'
[session-file-store] will retry, error on last attempt: Error: ENOENT: no such file or directory, open 'sessions/uD-RHhUVXnbhDvgFzGlrGaV6VtSoYhUh.json'
[session-file-store] will retry, error on last attempt: Error: ENOENT: no such file or directory, open 'sessions/uD-RHhUVXnbhDvgFzGlrGaV6VtSoYhUh.json'
[session-file-store] will retry, error on last attempt: Error: ENOENT: no such file or directory, open 'sessions/uD-RHhUVXnbhDvgFzGlrGaV6VtSoYhUh.json'
[session-file-store] will retry, error on last attempt: Error: ENOENT: no such file or directory, open 'sessions/uD-RHhUVXnbhDvgFzGlrGaV6VtSoYhUh.json'
[session-file-store] will retry, error on last attempt: Error: ENOENT: no such file or directory, open 'sessions/uD-RHhUVXnbhDvgFzGlrGaV6VtSoYhUh.json'
[session-file-store] will retry, error on last attempt: Error: ENOENT: no such file or directory, open 'sessions/uD-RHhUVXnbhDvgFzGlrGaV6VtSoYhUh.json'
[session-file-store] will retry, error on last attempt: Error: ENOENT: no such file or directory, open 'sessions/uD-RHhUVXnbhDvgFzGlrGaV6VtSoYhUh.json'
[session-file-store] will retry, error on last attempt: Error: ENOENT: no such file or directory, open 'sessions/uD-RHhUVXnbhDvgFzGlrGaV6VtSoYhUh.json'
[session-file-store] will retry, error on last attempt: Error: ENOENT: no such file or directory, open 'sessions/uD-RHhUVXnbhDvgFzGlrGaV6VtSoYhUh.json'
[session-file-store] will retry, error on last attempt: Error: ENOENT: no such file or directory, open 'sessions/uD-RHhUVXnbhDvgFzGlrGaV6VtSoYhUh.json'
[session-file-store] will retry, error on last attempt: Error: ENOENT: no such file or directory, open 'sessions/uD-RHhUVXnbhDvgFzGlrGaV6VtSoYhUh.json'
[session-file-store] will retry, error on last attempt: Error: ENOENT: no such file or directory, open 'sessions/uD-RHhUVXnbhDvgFzGlrGaV6VtSoYhUh.json'
[session-file-store] will retry, error on last attempt: Error: ENOENT: no such file or directory, open 'sessions/uD-RHhUVXnbhDvgFzGlrGaV6VtSoYhUh.json'
[session-file-store] will retry, error on last attempt: Error: ENOENT: no such file or directory, open 'sessions/uD-RHhUVXnbhDvgFzGlrGaV6VtSoYhUh.json'
[session-file-store] will retry, error on last attempt: Error: ENOENT: no such file or directory, open 'sessions/uD-RHhUVXnbhDvgFzGlrGaV6VtSoYhUh.json'
[session-file-store] will retry, error on last attempt: Error: ENOENT: no such file or directory, open 'sessions/uD-RHhUVXnbhDvgFzGlrGaV6VtSoYhUh.json'
[session-file-store] will retry, error on last attempt: Error: ENOENT: no such file or directory, open 'sessions/uD-RHhUVXnbhDvgFzGlrGaV6VtSoYhUh.json'
[session-file-store] will retry, error on last attempt: Error: ENOENT: no such file or directory, open 'sessions/uD-RHhUVXnbhDvgFzGlrGaV6VtSoYhUh.json'
[session-file-store] will retry, error on last attempt: Error: ENOENT: no such file or directory, open 'sessions/uD-RHhUVXnbhDvgFzGlrGaV6VtSoYhUh.json'
[session-file-store] will retry, error on last attempt: Error: ENOENT: no such file or directory, open 'sessions/uD-RHhUVXnbhDvgFzGlrGaV6VtSoYhUh.json'
[session-file-store] Deleting expired sessions
